#
# There is insufficient memory for the Java Runtime Environment to continue.
# Native memory allocation (mmap) failed to map 65536 bytes for Failed to commit metaspace.
# Possible reasons:
#   The system is out of physical RAM or swap space
#   The process is running with CompressedOops enabled, and the Java Heap may be blocking the growth of the native heap
# Possible solutions:
#   Reduce memory load on the system
#   Increase physical memory or swap space
#   Check if swap backing store is full
#   Decrease Java heap size (-Xmx/-Xms)
#   Decrease number of Java threads
#   Decrease Java thread stack sizes (-Xss)
#   Set larger code cache with -XX:ReservedCodeCacheSize=
#   JVM is running with Zero Based Compressed Oops mode in which the Java heap is
#     placed in the first 32GB address space. The Java Heap base address is the
#     maximum limit for the native heap growth. Please use -XX:HeapBaseMinAddress
#     to set the Java Heap base and to place the Java Heap above 32GB virtual address.
# This output file may be truncated or incomplete.
#
#  Out of Memory Error (virtualSpaceNode.cpp:112), pid=4532, tid=17964
#
# JRE version: Java(TM) SE Runtime Environment (21.0.3+7) (build 21.0.3+7-LTS-152)
# Java VM: Java HotSpot(TM) 64-Bit Server VM (21.0.3+7-LTS-152, mixed mode, emulated-client, sharing, tiered, compressed oops, compressed class ptrs, g1 gc, windows-amd64)
# No core dump will be written. Minidumps are not enabled by default on client versions of Windows
#

---------------  S U M M A R Y ------------

Command Line: -XX:TieredStopAtLevel=1 -Dspring.output.ansi.enabled=always -Dcom.sun.management.jmxremote -Dspring.jmx.enabled=true -Dspring.liveBeansView.mbeanDomain -Dspring.application.admin.enabled=true -Dmanagement.endpoints.jmx.exposure.include=* -javaagent:C:\Program Files\JetBrains\IntelliJ IDEA 2025.1.3\lib\idea_rt.jar=13933 -Dfile.encoding=UTF-8 -Dsun.stdout.encoding=UTF-8 -Dsun.stderr.encoding=UTF-8 mz.co.mozbuy.e_ticket.event.auth.AuthApplication

Host: 11th Gen Intel(R) Core(TM) i7-1185G7 @ 3.00GHz, 8 cores, 15G,  Windows 11 , 64 bit Build 22621 (10.0.22621.5415)
Time: Thu Apr  9 18:48:48 2026 Hora padrão da África do Sul elapsed time: 2.760457 seconds (0d 0h 0m 2s)

---------------  T H R E A D  ---------------

Current thread (0x00000236dfb38fe0):  JavaThread "main"             [_thread_in_vm, id=17964, stack(0x0000005c9ec00000,0x0000005c9ed00000) (1024K)]

Stack: [0x0000005c9ec00000,0x0000005c9ed00000]
Native frames: (J=compiled Java code, j=interpreted, Vv=VM code, C=native code)
V  [jvm.dll+0x6c63b9]
V  [jvm.dll+0x84fa11]
V  [jvm.dll+0x851f3e]
V  [jvm.dll+0x852613]
V  [jvm.dll+0x27cd46]
V  [jvm.dll+0x84b63e]
V  [jvm.dll+0x66a1b5]
V  [jvm.dll+0x66a21a]
V  [jvm.dll+0x66ca35]
V  [jvm.dll+0x66c902]
V  [jvm.dll+0x66ab8e]
V  [jvm.dll+0x3051e1]
V  [jvm.dll+0x215c93]
V  [jvm.dll+0x20a9d7]
V  [jvm.dll+0x5a969c]
V  [jvm.dll+0x21c12a]
V  [jvm.dll+0x7c94c1]
V  [jvm.dll+0x7ca4f4]
V  [jvm.dll+0x7caaad]
V  [jvm.dll+0x7ca748]
V  [jvm.dll+0x26ac6b]
V  [jvm.dll+0x26ae9a]
V  [jvm.dll+0x5cc5a1]
V  [jvm.dll+0x5cebc4]
V  [jvm.dll+0x3d2fb2]
V  [jvm.dll+0x3d2a50]
C  0x00000236e7fa6dd1

The last pc belongs to getstatic (printed below).
Java frames: (J=compiled Java code, j=interpreted, Vv=VM code)
j  sun.security.util.SecurityProviderConstants.<clinit>()V+524 java.base@21.0.3
v  ~StubRoutines::call_stub 0x00000236e7f910e7
j  sun.security.provider.SunEntries.addWithAlias(Ljava/security/Provider;Ljava/lang/String;Ljava/lang/String;Ljava/lang/String;Ljava/util/HashMap;)V+14 java.base@21.0.3
j  sun.security.provider.SunEntries.<init>(Ljava/security/Provider;)V+166 java.base@21.0.3
j  sun.security.provider.Sun.<init>()V+18 java.base@21.0.3
j  sun.security.jca.ProviderConfig.getProvider()Ljava/security/Provider;+67 java.base@21.0.3
j  sun.security.jca.ProviderList.getProvider(I)Ljava/security/Provider;+6 java.base@21.0.3
j  sun.security.jca.ProviderList$3.get(I)Ljava/security/Provider;+5 java.base@21.0.3
j  sun.security.jca.ProviderList$3.get(I)Ljava/lang/Object;+2 java.base@21.0.3
j  java.util.AbstractList$Itr.next()Ljava/lang/Object;+14 java.base@21.0.3
j  java.security.SecureRandom.getDefaultPRNG(Z[B)V+30 java.base@21.0.3
j  java.security.SecureRandom.<init>()V+23 java.base@21.0.3
j  java.rmi.server.UID.<init>()V+20 java.rmi@21.0.3
j  java.rmi.server.ObjID.<clinit>()V+14 java.rmi@21.0.3
v  ~StubRoutines::call_stub 0x00000236e7f910e7
j  sun.rmi.transport.LiveRef.<init>(ILjava/rmi/server/RMIClientSocketFactory;Ljava/rmi/server/RMIServerSocketFactory;)V+1 java.rmi@21.0.3
j  sun.rmi.server.UnicastServerRef2.<init>(ILjava/rmi/server/RMIClientSocketFactory;Ljava/rmi/server/RMIServerSocketFactory;Ljava/io/ObjectInputFilter;)V+8 java.rmi@21.0.3
j  sun.management.jmxremote.ConnectorBootstrap$PermanentExporter.exportObject(Ljava/rmi/Remote;ILjava/rmi/server/RMIClientSocketFactory;Ljava/rmi/server/RMIServerSocketFactory;Ljava/io/ObjectInputFilter;)Ljava/rmi/Remote;+72 jdk.management.agent@21.0.3
j  javax.management.remote.rmi.RMIJRMPServerImpl.export(Ljava/rmi/Remote;Ljava/io/ObjectInputFilter;)V+62 java.management.rmi@21.0.3
j  javax.management.remote.rmi.RMIJRMPServerImpl.export()V+6 java.management.rmi@21.0.3
j  javax.management.remote.rmi.RMIConnectorServer.start()V+246 java.management.rmi@21.0.3
j  sun.management.jmxremote.ConnectorBootstrap.startLocalConnectorServer()Ljavax/management/remote/JMXConnectorServer;+290 jdk.management.agent@21.0.3
j  jdk.internal.agent.Agent.startLocalManagementAgent()V+13 jdk.management.agent@21.0.3
j  jdk.internal.agent.Agent.startAgent(Ljava/util/Properties;)V+58 jdk.management.agent@21.0.3
j  jdk.internal.agent.Agent.startAgent()V+20 jdk.management.agent@21.0.3
v  ~StubRoutines::call_stub 0x00000236e7f910e7
getstatic  178 getstatic  [0x00000236e7fa6d20, 0x00000236e7fa6f20]  512 bytes
[MachCode]
  0x00000236e7fa6d20: 4883 ec08 | c5fa 1104 | 24eb 1f48 | 83ec 10c5 | fb11 0424 | eb14 4883 | ec10 4889 | 0424 48c7 
  0x00000236e7fa6d40: 4424 0800 | 0000 00eb | 0150 410f | b755 0148 | 8b4d d0c1 | e202 8b5c | d138 c1eb | 1081 e3ff 
  0x00000236e7fa6d60: 0000 0081 | fbb2 0000 | 000f 84b4 | 0000 00bb | b200 0000 | e805 0000 | 00e9 9900 | 0000 488b 
  0x00000236e7fa6d80: d348 8d44 | 2408 4c89 | 6dc0 498b | cfc5 f877 | 4989 afa8 | 0300 0049 | 8987 9803 | 0000 4883 
  0x00000236e7fa6da0: ec20 40f6 | c40f 0f84 | 1900 0000 | 4883 ec08 | 48b8 f029 | 0526 fd7f | 0000 ffd0 | 4883 c408 
  0x00000236e7fa6dc0: e90c 0000 | 0048 b8f0 | 2905 26fd | 7f00 00ff | d048 83c4 | 2049 c787 | 9803 0000 | 0000 0000 
  0x00000236e7fa6de0: 49c7 87a8 | 0300 0000 | 0000 0049 | c787 a003 | 0000 0000 | 0000 c5f8 | 7749 837f | 0800 0f84 
  0x00000236e7fa6e00: 0500 0000 | e9f7 a0fe | ff4c 8b6d | c04c 8b75 | c84e 8d74 | f500 c341 | 0fb7 5501 | 488b 4dd0 
  0x00000236e7fa6e20: c1e2 0248 | 8b5c d148 | 8b44 d150 | 4c8b 4cd1 | 404d 8b49 | 704d 8b09 | c1e8 1c83 | e00f 0f85 
  0x00000236e7fa6e40: 0b00 0000 | 410f be04 | 1950 e9b5 | 0000 0083 | f801 0f85 | 0b00 0000 | 410f b604 | 1950 e9a1 
  0x00000236e7fa6e60: 0000 0083 | f808 0f85 | 0e00 0000 | 418b 0419 | 48c1 e003 | 50e9 8a00 | 0000 83f8 | 040f 850a 
  0x00000236e7fa6e80: 0000 0041 | 8b04 1950 | e977 0000 | 0083 f802 | 0f85 0b00 | 0000 410f | b704 1950 | e963 0000 
  0x00000236e7fa6ea0: 0083 f803 | 0f85 0b00 | 0000 410f | bf04 1950 | e94f 0000 | 0083 f805 | 0f85 1a00 | 0000 498b 
  0x00000236e7fa6ec0: 0419 4883 | ec10 4889 | 0424 48c7 | 4424 0800 | 0000 00e9 | 2c00 0000 | 83f8 060f | 8514 0000 
  0x00000236e7fa6ee0: 00c4 c17a | 1004 1948 | 83ec 08c5 | fa11 0424 | e90f 0000 | 00c4 c17b | 1004 1948 | 83ec 10c5 
  0x00000236e7fa6f00: fb11 0424 | 410f b65d | 0349 83c5 | 0349 ba40 | 6f8c 26fd | 7f00 0041 | ff24 da0f | 1f44 0000 
[/MachCode]

---------------  P R O C E S S  ---------------

Threads class SMR info:
_java_thread_list=0x00000236f7562c90, length=12, elements={
0x00000236dfb38fe0, 0x00000236f2999990, 0x00000236f299ba70, 0x00000236f299d150,
0x00000236f299f0d0, 0x00000236f29a1e50, 0x00000236f299fd80, 0x00000236f29a6530,
0x00000236f29a0aa0, 0x00000236f2c2dc80, 0x00000236f29a2b70, 0x00000236f29a1130
}

Java Threads: ( => current thread )
=>0x00000236dfb38fe0 JavaThread "main"                              [_thread_in_vm, id=17964, stack(0x0000005c9ec00000,0x0000005c9ed00000) (1024K)]
  0x00000236f2999990 JavaThread "Reference Handler"          daemon [_thread_blocked, id=1116, stack(0x0000005c9f400000,0x0000005c9f500000) (1024K)]
  0x00000236f299ba70 JavaThread "Finalizer"                  daemon [_thread_blocked, id=7152, stack(0x0000005c9f500000,0x0000005c9f600000) (1024K)]
  0x00000236f299d150 JavaThread "Signal Dispatcher"          daemon [_thread_blocked, id=8068, stack(0x0000005c9f600000,0x0000005c9f700000) (1024K)]
  0x00000236f299f0d0 JavaThread "Attach Listener"            daemon [_thread_blocked, id=672, stack(0x0000005c9f700000,0x0000005c9f800000) (1024K)]
  0x00000236f29a1e50 JavaThread "Service Thread"             daemon [_thread_blocked, id=18952, stack(0x0000005c9f800000,0x0000005c9f900000) (1024K)]
  0x00000236f299fd80 JavaThread "Monitor Deflation Thread"   daemon [_thread_blocked, id=15376, stack(0x0000005c9f900000,0x0000005c9fa00000) (1024K)]
  0x00000236f29a6530 JavaThread "C1 CompilerThread0"         daemon [_thread_blocked, id=3500, stack(0x0000005c9fa00000,0x0000005c9fb00000) (1024K)]
  0x00000236f29a0aa0 JavaThread "Common-Cleaner"             daemon [_thread_blocked, id=1096, stack(0x0000005c9fb00000,0x0000005c9fc00000) (1024K)]
  0x00000236f2c2dc80 JavaThread "C1 CompilerThread1"         daemon [_thread_blocked, id=15416, stack(0x0000005c9fc00000,0x0000005c9fd00000) (1024K)]
  0x00000236f29a2b70 JavaThread "Monitor Ctrl-Break"         daemon [_thread_in_native, id=19116, stack(0x0000005c9fe00000,0x0000005c9ff00000) (1024K)]
  0x00000236f29a1130 JavaThread "Notification Thread"        daemon [_thread_blocked, id=12892, stack(0x0000005c9ff00000,0x0000005ca0000000) (1024K)]
Total: 12

Other Threads:
  0x00000236f2978d60 VMThread "VM Thread"                           [id=2280, stack(0x0000005c9f300000,0x0000005c9f400000) (1024K)]
  0x00000236f2964170 WatcherThread "VM Periodic Task Thread"        [id=17208, stack(0x0000005c9f200000,0x0000005c9f300000) (1024K)]
  0x00000236dfba1220 WorkerThread "GC Thread#0"                     [id=10200, stack(0x0000005c9ed00000,0x0000005c9ee00000) (1024K)]
  0x00000236f765e260 WorkerThread "GC Thread#1"                     [id=11772, stack(0x0000005c9fd00000,0x0000005c9fe00000) (1024K)]
  0x00000236f765e600 WorkerThread "GC Thread#2"                     [id=15712, stack(0x0000005ca0000000,0x0000005ca0100000) (1024K)]
  0x00000236f76609b0 WorkerThread "GC Thread#3"                     [id=21476, stack(0x0000005ca0100000,0x0000005ca0200000) (1024K)]
  0x00000236f7660d50 WorkerThread "GC Thread#4"                     [id=20112, stack(0x0000005ca0200000,0x0000005ca0300000) (1024K)]
  0x00000236f76610f0 WorkerThread "GC Thread#5"                     [id=21344, stack(0x0000005ca0300000,0x0000005ca0400000) (1024K)]
  0x00000236f7688960 WorkerThread "GC Thread#6"                     [id=16072, stack(0x0000005ca0400000,0x0000005ca0500000) (1024K)]
  0x00000236f768cd10 WorkerThread "GC Thread#7"                     [id=3628, stack(0x0000005ca0500000,0x0000005ca0600000) (1024K)]
  0x00000236dfbb2f80 ConcurrentGCThread "G1 Main Marker"            [id=1984, stack(0x0000005c9ee00000,0x0000005c9ef00000) (1024K)]
  0x00000236dfbb3a80 WorkerThread "G1 Conc#0"                       [id=7184, stack(0x0000005c9ef00000,0x0000005c9f000000) (1024K)]
  0x00000236f28359c0 ConcurrentGCThread "G1 Refine#0"               [id=16276, stack(0x0000005c9f000000,0x0000005c9f100000) (1024K)]
  0x00000236f2836340 ConcurrentGCThread "G1 Service"                [id=4268, stack(0x0000005c9f100000,0x0000005c9f200000) (1024K)]
Total: 14

Threads with active compile tasks:
Total: 0

VM state: not at safepoint (normal execution)

VM Mutex/Monitor currently owned by a thread:  ([mutex/lock_event])
[0x00007ffd268b0d28] Metaspace_lock - owner thread: 0x00000236dfb38fe0

Heap address: 0x0000000704400000, size: 4028 MB, Compressed Oops mode: Zero based, Oop shift amount: 3

CDS archive(s) mapped at: [0x0000023680000000-0x0000023680c90000-0x0000023680c90000), size 13172736, SharedBaseAddress: 0x0000023680000000, ArchiveRelocationMode: 1.
Compressed class space mapped at: 0x0000023681000000-0x00000236c1000000, reserved size: 1073741824
Narrow klass base: 0x0000023680000000, Narrow klass shift: 0, Narrow klass range: 0x100000000

GC Precious Log:
 CardTable entry size: 512
 Card Set container configuration: InlinePtr #cards 4 size 8 Array Of Cards #cards 16 size 48 Howl #buckets 8 coarsen threshold 3686 Howl Bitmap #cards 512 size 80 coarsen threshold 460 Card regions per heap region 1 cards per card region 4096
 CPUs: 8 total, 8 available
 Memory: 16106M
 Large Page Support: Disabled
 NUMA Support: Disabled
 Compressed Oops: Enabled (Zero based)
 Heap Region Size: 2M
 Heap Min Capacity: 8M
 Heap Initial Capacity: 252M
 Heap Max Capacity: 4028M
 Pre-touch: Disabled
 Parallel Workers: 8
 Concurrent Workers: 2
 Concurrent Refinement Workers: 8
 Periodic GC: Disabled

Heap:
 garbage-first heap   total 258048K, used 11588K [0x0000000704400000, 0x0000000800000000)
  region size 2048K, 3 young (6144K), 2 survivors (4096K)
 Metaspace       used 4277K, committed 4416K, reserved 1114112K
  class space    used 491K, committed 576K, reserved 1048576K

Heap Regions: E=young(eden), S=young(survivor), O=old, HS=humongous(starts), HC=humongous(continues), CS=collection set, F=free, TAMS=top-at-mark-start, PB=parsable bottom
|   0|0x0000000704400000, 0x0000000704600000, 0x0000000704600000|100%| O|  |TAMS 0x0000000704400000| PB 0x0000000704400000| Untracked 
|   1|0x0000000704600000, 0x0000000704800000, 0x0000000704800000|100%| O|  |TAMS 0x0000000704600000| PB 0x0000000704600000| Untracked 
|   2|0x0000000704800000, 0x0000000704a00000, 0x0000000704a00000|100%| O|  |TAMS 0x0000000704800000| PB 0x0000000704800000| Untracked 
|   3|0x0000000704a00000, 0x0000000704b51358, 0x0000000704c00000| 65%| O|  |TAMS 0x0000000704a00000| PB 0x0000000704a00000| Untracked 
|   4|0x0000000704c00000, 0x0000000704c00000, 0x0000000704e00000|  0%| F|  |TAMS 0x0000000704c00000| PB 0x0000000704c00000| Untracked 
|   5|0x0000000704e00000, 0x0000000704e00000, 0x0000000705000000|  0%| F|  |TAMS 0x0000000704e00000| PB 0x0000000704e00000| Untracked 
|   6|0x0000000705000000, 0x0000000705000000, 0x0000000705200000|  0%| F|  |TAMS 0x0000000705000000| PB 0x0000000705000000| Untracked 
|   7|0x0000000705200000, 0x0000000705200000, 0x0000000705400000|  0%| F|  |TAMS 0x0000000705200000| PB 0x0000000705200000| Untracked 
|   8|0x0000000705400000, 0x0000000705400000, 0x0000000705600000|  0%| F|  |TAMS 0x0000000705400000| PB 0x0000000705400000| Untracked 
|   9|0x0000000705600000, 0x0000000705600000, 0x0000000705800000|  0%| F|  |TAMS 0x0000000705600000| PB 0x0000000705600000| Untracked 
|  10|0x0000000705800000, 0x0000000705800000, 0x0000000705a00000|  0%| F|  |TAMS 0x0000000705800000| PB 0x0000000705800000| Untracked 
|  11|0x0000000705a00000, 0x0000000705a00000, 0x0000000705c00000|  0%| F|  |TAMS 0x0000000705a00000| PB 0x0000000705a00000| Untracked 
|  12|0x0000000705c00000, 0x0000000705c00000, 0x0000000705e00000|  0%| F|  |TAMS 0x0000000705c00000| PB 0x0000000705c00000| Untracked 
|  13|0x0000000705e00000, 0x0000000705e00000, 0x0000000706000000|  0%| F|  |TAMS 0x0000000705e00000| PB 0x0000000705e00000| Untracked 
|  14|0x0000000706000000, 0x0000000706000000, 0x0000000706200000|  0%| F|  |TAMS 0x0000000706000000| PB 0x0000000706000000| Untracked 
|  15|0x0000000706200000, 0x0000000706200000, 0x0000000706400000|  0%| F|  |TAMS 0x0000000706200000| PB 0x0000000706200000| Untracked 
|  16|0x0000000706400000, 0x0000000706400000, 0x0000000706600000|  0%| F|  |TAMS 0x0000000706400000| PB 0x0000000706400000| Untracked 
|  17|0x0000000706600000, 0x0000000706600000, 0x0000000706800000|  0%| F|  |TAMS 0x0000000706600000| PB 0x0000000706600000| Untracked 
|  18|0x0000000706800000, 0x0000000706800000, 0x0000000706a00000|  0%| F|  |TAMS 0x0000000706800000| PB 0x0000000706800000| Untracked 
|  19|0x0000000706a00000, 0x0000000706a00000, 0x0000000706c00000|  0%| F|  |TAMS 0x0000000706a00000| PB 0x0000000706a00000| Untracked 
|  20|0x0000000706c00000, 0x0000000706c00000, 0x0000000706e00000|  0%| F|  |TAMS 0x0000000706c00000| PB 0x0000000706c00000| Untracked 
|  21|0x0000000706e00000, 0x0000000706e00000, 0x0000000707000000|  0%| F|  |TAMS 0x0000000706e00000| PB 0x0000000706e00000| Untracked 
|  22|0x0000000707000000, 0x0000000707000000, 0x0000000707200000|  0%| F|  |TAMS 0x0000000707000000| PB 0x0000000707000000| Untracked 
|  23|0x0000000707200000, 0x0000000707200000, 0x0000000707400000|  0%| F|  |TAMS 0x0000000707200000| PB 0x0000000707200000| Untracked 
|  24|0x0000000707400000, 0x0000000707400000, 0x0000000707600000|  0%| F|  |TAMS 0x0000000707400000| PB 0x0000000707400000| Untracked 
|  25|0x0000000707600000, 0x0000000707600000, 0x0000000707800000|  0%| F|  |TAMS 0x0000000707600000| PB 0x0000000707600000| Untracked 
|  26|0x0000000707800000, 0x0000000707800000, 0x0000000707a00000|  0%| F|  |TAMS 0x0000000707800000| PB 0x0000000707800000| Untracked 
|  27|0x0000000707a00000, 0x0000000707a00000, 0x0000000707c00000|  0%| F|  |TAMS 0x0000000707a00000| PB 0x0000000707a00000| Untracked 
|  28|0x0000000707c00000, 0x0000000707c00000, 0x0000000707e00000|  0%| F|  |TAMS 0x0000000707c00000| PB 0x0000000707c00000| Untracked 
|  29|0x0000000707e00000, 0x0000000707e00000, 0x0000000708000000|  0%| F|  |TAMS 0x0000000707e00000| PB 0x0000000707e00000| Untracked 
|  30|0x0000000708000000, 0x0000000708000000, 0x0000000708200000|  0%| F|  |TAMS 0x0000000708000000| PB 0x0000000708000000| Untracked 
|  31|0x0000000708200000, 0x0000000708200000, 0x0000000708400000|  0%| F|  |TAMS 0x0000000708200000| PB 0x0000000708200000| Untracked 
|  32|0x0000000708400000, 0x0000000708400000, 0x0000000708600000|  0%| F|  |TAMS 0x0000000708400000| PB 0x0000000708400000| Untracked 
|  33|0x0000000708600000, 0x0000000708600000, 0x0000000708800000|  0%| F|  |TAMS 0x0000000708600000| PB 0x0000000708600000| Untracked 
|  34|0x0000000708800000, 0x0000000708800000, 0x0000000708a00000|  0%| F|  |TAMS 0x0000000708800000| PB 0x0000000708800000| Untracked 
|  35|0x0000000708a00000, 0x0000000708a00000, 0x0000000708c00000|  0%| F|  |TAMS 0x0000000708a00000| PB 0x0000000708a00000| Untracked 
|  36|0x0000000708c00000, 0x0000000708c00000, 0x0000000708e00000|  0%| F|  |TAMS 0x0000000708c00000| PB 0x0000000708c00000| Untracked 
|  37|0x0000000708e00000, 0x0000000708e00000, 0x0000000709000000|  0%| F|  |TAMS 0x0000000708e00000| PB 0x0000000708e00000| Untracked 
|  38|0x0000000709000000, 0x0000000709000000, 0x0000000709200000|  0%| F|  |TAMS 0x0000000709000000| PB 0x0000000709000000| Untracked 
|  39|0x0000000709200000, 0x0000000709200000, 0x0000000709400000|  0%| F|  |TAMS 0x0000000709200000| PB 0x0000000709200000| Untracked 
|  40|0x0000000709400000, 0x0000000709400000, 0x0000000709600000|  0%| F|  |TAMS 0x0000000709400000| PB 0x0000000709400000| Untracked 
|  41|0x0000000709600000, 0x0000000709600000, 0x0000000709800000|  0%| F|  |TAMS 0x0000000709600000| PB 0x0000000709600000| Untracked 
|  42|0x0000000709800000, 0x0000000709800000, 0x0000000709a00000|  0%| F|  |TAMS 0x0000000709800000| PB 0x0000000709800000| Untracked 
|  43|0x0000000709a00000, 0x0000000709a00000, 0x0000000709c00000|  0%| F|  |TAMS 0x0000000709a00000| PB 0x0000000709a00000| Untracked 
|  44|0x0000000709c00000, 0x0000000709c00000, 0x0000000709e00000|  0%| F|  |TAMS 0x0000000709c00000| PB 0x0000000709c00000| Untracked 
|  45|0x0000000709e00000, 0x0000000709e00000, 0x000000070a000000|  0%| F|  |TAMS 0x0000000709e00000| PB 0x0000000709e00000| Untracked 
|  46|0x000000070a000000, 0x000000070a000000, 0x000000070a200000|  0%| F|  |TAMS 0x000000070a000000| PB 0x000000070a000000| Untracked 
|  47|0x000000070a200000, 0x000000070a200000, 0x000000070a400000|  0%| F|  |TAMS 0x000000070a200000| PB 0x000000070a200000| Untracked 
|  48|0x000000070a400000, 0x000000070a400000, 0x000000070a600000|  0%| F|  |TAMS 0x000000070a400000| PB 0x000000070a400000| Untracked 
|  49|0x000000070a600000, 0x000000070a600000, 0x000000070a800000|  0%| F|  |TAMS 0x000000070a600000| PB 0x000000070a600000| Untracked 
|  50|0x000000070a800000, 0x000000070a800000, 0x000000070aa00000|  0%| F|  |TAMS 0x000000070a800000| PB 0x000000070a800000| Untracked 
|  51|0x000000070aa00000, 0x000000070aa00000, 0x000000070ac00000|  0%| F|  |TAMS 0x000000070aa00000| PB 0x000000070aa00000| Untracked 
|  52|0x000000070ac00000, 0x000000070ac00000, 0x000000070ae00000|  0%| F|  |TAMS 0x000000070ac00000| PB 0x000000070ac00000| Untracked 
|  53|0x000000070ae00000, 0x000000070ae00000, 0x000000070b000000|  0%| F|  |TAMS 0x000000070ae00000| PB 0x000000070ae00000| Untracked 
|  54|0x000000070b000000, 0x000000070b000000, 0x000000070b200000|  0%| F|  |TAMS 0x000000070b000000| PB 0x000000070b000000| Untracked 
|  55|0x000000070b200000, 0x000000070b200000, 0x000000070b400000|  0%| F|  |TAMS 0x000000070b200000| PB 0x000000070b200000| Untracked 
|  56|0x000000070b400000, 0x000000070b400000, 0x000000070b600000|  0%| F|  |TAMS 0x000000070b400000| PB 0x000000070b400000| Untracked 
|  57|0x000000070b600000, 0x000000070b600000, 0x000000070b800000|  0%| F|  |TAMS 0x000000070b600000| PB 0x000000070b600000| Untracked 
|  58|0x000000070b800000, 0x000000070b800000, 0x000000070ba00000|  0%| F|  |TAMS 0x000000070b800000| PB 0x000000070b800000| Untracked 
|  59|0x000000070ba00000, 0x000000070ba00000, 0x000000070bc00000|  0%| F|  |TAMS 0x000000070ba00000| PB 0x000000070ba00000| Untracked 
|  60|0x000000070bc00000, 0x000000070bc00000, 0x000000070be00000|  0%| F|  |TAMS 0x000000070bc00000| PB 0x000000070bc00000| Untracked 
|  61|0x000000070be00000, 0x000000070be00000, 0x000000070c000000|  0%| F|  |TAMS 0x000000070be00000| PB 0x000000070be00000| Untracked 
|  62|0x000000070c000000, 0x000000070c000000, 0x000000070c200000|  0%| F|  |TAMS 0x000000070c000000| PB 0x000000070c000000| Untracked 
|  63|0x000000070c200000, 0x000000070c200000, 0x000000070c400000|  0%| F|  |TAMS 0x000000070c200000| PB 0x000000070c200000| Untracked 
|  64|0x000000070c400000, 0x000000070c400000, 0x000000070c600000|  0%| F|  |TAMS 0x000000070c400000| PB 0x000000070c400000| Untracked 
|  65|0x000000070c600000, 0x000000070c600000, 0x000000070c800000|  0%| F|  |TAMS 0x000000070c600000| PB 0x000000070c600000| Untracked 
|  66|0x000000070c800000, 0x000000070c800000, 0x000000070ca00000|  0%| F|  |TAMS 0x000000070c800000| PB 0x000000070c800000| Untracked 
|  67|0x000000070ca00000, 0x000000070ca00000, 0x000000070cc00000|  0%| F|  |TAMS 0x000000070ca00000| PB 0x000000070ca00000| Untracked 
|  68|0x000000070cc00000, 0x000000070cc00000, 0x000000070ce00000|  0%| F|  |TAMS 0x000000070cc00000| PB 0x000000070cc00000| Untracked 
|  69|0x000000070ce00000, 0x000000070ce00000, 0x000000070d000000|  0%| F|  |TAMS 0x000000070ce00000| PB 0x000000070ce00000| Untracked 
|  70|0x000000070d000000, 0x000000070d000000, 0x000000070d200000|  0%| F|  |TAMS 0x000000070d000000| PB 0x000000070d000000| Untracked 
|  71|0x000000070d200000, 0x000000070d200000, 0x000000070d400000|  0%| F|  |TAMS 0x000000070d200000| PB 0x000000070d200000| Untracked 
|  72|0x000000070d400000, 0x000000070d400000, 0x000000070d600000|  0%| F|  |TAMS 0x000000070d400000| PB 0x000000070d400000| Untracked 
|  73|0x000000070d600000, 0x000000070d600000, 0x000000070d800000|  0%| F|  |TAMS 0x000000070d600000| PB 0x000000070d600000| Untracked 
|  74|0x000000070d800000, 0x000000070d800000, 0x000000070da00000|  0%| F|  |TAMS 0x000000070d800000| PB 0x000000070d800000| Untracked 
|  75|0x000000070da00000, 0x000000070da00000, 0x000000070dc00000|  0%| F|  |TAMS 0x000000070da00000| PB 0x000000070da00000| Untracked 
|  76|0x000000070dc00000, 0x000000070dc00000, 0x000000070de00000|  0%| F|  |TAMS 0x000000070dc00000| PB 0x000000070dc00000| Untracked 
|  77|0x000000070de00000, 0x000000070de00000, 0x000000070e000000|  0%| F|  |TAMS 0x000000070de00000| PB 0x000000070de00000| Untracked 
|  78|0x000000070e000000, 0x000000070e000000, 0x000000070e200000|  0%| F|  |TAMS 0x000000070e000000| PB 0x000000070e000000| Untracked 
|  79|0x000000070e200000, 0x000000070e200000, 0x000000070e400000|  0%| F|  |TAMS 0x000000070e200000| PB 0x000000070e200000| Untracked 
|  80|0x000000070e400000, 0x000000070e400000, 0x000000070e600000|  0%| F|  |TAMS 0x000000070e400000| PB 0x000000070e400000| Untracked 
|  81|0x000000070e600000, 0x000000070e600000, 0x000000070e800000|  0%| F|  |TAMS 0x000000070e600000| PB 0x000000070e600000| Untracked 
|  82|0x000000070e800000, 0x000000070e800000, 0x000000070ea00000|  0%| F|  |TAMS 0x000000070e800000| PB 0x000000070e800000| Untracked 
|  83|0x000000070ea00000, 0x000000070ea00000, 0x000000070ec00000|  0%| F|  |TAMS 0x000000070ea00000| PB 0x000000070ea00000| Untracked 
|  84|0x000000070ec00000, 0x000000070ec00000, 0x000000070ee00000|  0%| F|  |TAMS 0x000000070ec00000| PB 0x000000070ec00000| Untracked 
|  85|0x000000070ee00000, 0x000000070ee00000, 0x000000070f000000|  0%| F|  |TAMS 0x000000070ee00000| PB 0x000000070ee00000| Untracked 
|  86|0x000000070f000000, 0x000000070f000000, 0x000000070f200000|  0%| F|  |TAMS 0x000000070f000000| PB 0x000000070f000000| Untracked 
|  87|0x000000070f200000, 0x000000070f200000, 0x000000070f400000|  0%| F|  |TAMS 0x000000070f200000| PB 0x000000070f200000| Untracked 
|  88|0x000000070f400000, 0x000000070f400000, 0x000000070f600000|  0%| F|  |TAMS 0x000000070f400000| PB 0x000000070f400000| Untracked 
|  89|0x000000070f600000, 0x000000070f600000, 0x000000070f800000|  0%| F|  |TAMS 0x000000070f600000| PB 0x000000070f600000| Untracked 
|  90|0x000000070f800000, 0x000000070f800000, 0x000000070fa00000|  0%| F|  |TAMS 0x000000070f800000| PB 0x000000070f800000| Untracked 
|  91|0x000000070fa00000, 0x000000070fa00000, 0x000000070fc00000|  0%| F|  |TAMS 0x000000070fa00000| PB 0x000000070fa00000| Untracked 
|  92|0x000000070fc00000, 0x000000070fc00000, 0x000000070fe00000|  0%| F|  |TAMS 0x000000070fc00000| PB 0x000000070fc00000| Untracked 
|  93|0x000000070fe00000, 0x000000070fe00000, 0x0000000710000000|  0%| F|  |TAMS 0x000000070fe00000| PB 0x000000070fe00000| Untracked 
|  94|0x0000000710000000, 0x0000000710000000, 0x0000000710200000|  0%| F|  |TAMS 0x0000000710000000| PB 0x0000000710000000| Untracked 
|  95|0x0000000710200000, 0x0000000710200000, 0x0000000710400000|  0%| F|  |TAMS 0x0000000710200000| PB 0x0000000710200000| Untracked 
|  96|0x0000000710400000, 0x0000000710400000, 0x0000000710600000|  0%| F|  |TAMS 0x0000000710400000| PB 0x0000000710400000| Untracked 
|  97|0x0000000710600000, 0x0000000710600000, 0x0000000710800000|  0%| F|  |TAMS 0x0000000710600000| PB 0x0000000710600000| Untracked 
|  98|0x0000000710800000, 0x0000000710800000, 0x0000000710a00000|  0%| F|  |TAMS 0x0000000710800000| PB 0x0000000710800000| Untracked 
|  99|0x0000000710a00000, 0x0000000710a00000, 0x0000000710c00000|  0%| F|  |TAMS 0x0000000710a00000| PB 0x0000000710a00000| Untracked 
| 100|0x0000000710c00000, 0x0000000710c00000, 0x0000000710e00000|  0%| F|  |TAMS 0x0000000710c00000| PB 0x0000000710c00000| Untracked 
| 101|0x0000000710e00000, 0x0000000710e00000, 0x0000000711000000|  0%| F|  |TAMS 0x0000000710e00000| PB 0x0000000710e00000| Untracked 
| 102|0x0000000711000000, 0x0000000711000000, 0x0000000711200000|  0%| F|  |TAMS 0x0000000711000000| PB 0x0000000711000000| Untracked 
| 103|0x0000000711200000, 0x0000000711200000, 0x0000000711400000|  0%| F|  |TAMS 0x0000000711200000| PB 0x0000000711200000| Untracked 
| 104|0x0000000711400000, 0x0000000711400000, 0x0000000711600000|  0%| F|  |TAMS 0x0000000711400000| PB 0x0000000711400000| Untracked 
| 105|0x0000000711600000, 0x0000000711600000, 0x0000000711800000|  0%| F|  |TAMS 0x0000000711600000| PB 0x0000000711600000| Untracked 
| 106|0x0000000711800000, 0x0000000711800000, 0x0000000711a00000|  0%| F|  |TAMS 0x0000000711800000| PB 0x0000000711800000| Untracked 
| 107|0x0000000711a00000, 0x0000000711a00000, 0x0000000711c00000|  0%| F|  |TAMS 0x0000000711a00000| PB 0x0000000711a00000| Untracked 
| 108|0x0000000711c00000, 0x0000000711c00000, 0x0000000711e00000|  0%| F|  |TAMS 0x0000000711c00000| PB 0x0000000711c00000| Untracked 
| 109|0x0000000711e00000, 0x0000000711e00000, 0x0000000712000000|  0%| F|  |TAMS 0x0000000711e00000| PB 0x0000000711e00000| Untracked 
| 110|0x0000000712000000, 0x0000000712000000, 0x0000000712200000|  0%| F|  |TAMS 0x0000000712000000| PB 0x0000000712000000| Untracked 
| 111|0x0000000712200000, 0x0000000712200000, 0x0000000712400000|  0%| F|  |TAMS 0x0000000712200000| PB 0x0000000712200000| Untracked 
| 112|0x0000000712400000, 0x0000000712400000, 0x0000000712600000|  0%| F|  |TAMS 0x0000000712400000| PB 0x0000000712400000| Untracked 
| 113|0x0000000712600000, 0x0000000712800000, 0x0000000712800000|100%| S|CS|TAMS 0x0000000712600000| PB 0x0000000712600000| Complete 
| 114|0x0000000712800000, 0x0000000712a00000, 0x0000000712a00000|100%| S|CS|TAMS 0x0000000712800000| PB 0x0000000712800000| Complete 
| 115|0x0000000712a00000, 0x0000000712a00000, 0x0000000712c00000|  0%| F|  |TAMS 0x0000000712a00000| PB 0x0000000712a00000| Untracked 
| 116|0x0000000712c00000, 0x0000000712c00000, 0x0000000712e00000|  0%| F|  |TAMS 0x0000000712c00000| PB 0x0000000712c00000| Untracked 
| 117|0x0000000712e00000, 0x0000000712e00000, 0x0000000713000000|  0%| F|  |TAMS 0x0000000712e00000| PB 0x0000000712e00000| Untracked 
| 118|0x0000000713000000, 0x0000000713000000, 0x0000000713200000|  0%| F|  |TAMS 0x0000000713000000| PB 0x0000000713000000| Untracked 
| 119|0x0000000713200000, 0x0000000713200000, 0x0000000713400000|  0%| F|  |TAMS 0x0000000713200000| PB 0x0000000713200000| Untracked 
| 120|0x0000000713400000, 0x0000000713400000, 0x0000000713600000|  0%| F|  |TAMS 0x0000000713400000| PB 0x0000000713400000| Untracked 
| 121|0x0000000713600000, 0x0000000713600000, 0x0000000713800000|  0%| F|  |TAMS 0x0000000713600000| PB 0x0000000713600000| Untracked 
| 122|0x0000000713800000, 0x0000000713800000, 0x0000000713a00000|  0%| F|  |TAMS 0x0000000713800000| PB 0x0000000713800000| Untracked 
| 123|0x0000000713a00000, 0x0000000713a00000, 0x0000000713c00000|  0%| F|  |TAMS 0x0000000713a00000| PB 0x0000000713a00000| Untracked 
| 124|0x0000000713c00000, 0x0000000713c00000, 0x0000000713e00000|  0%| F|  |TAMS 0x0000000713c00000| PB 0x0000000713c00000| Untracked 
| 125|0x0000000713e00000, 0x0000000713edb6e0, 0x0000000714000000| 42%| E|  |TAMS 0x0000000713e00000| PB 0x0000000713e00000| Complete 

Card table byte_map: [0x00000236eb880000,0x00000236ec060000] _byte_map_base: 0x00000236e805e000

Marking Bits: (CMBitMap*) 0x00000236dfba1920
 Bits: [0x00000236ec060000, 0x00000236eff50000)

Polling page: 0x00000236dda50000

Metaspace:

Usage:
  Non-class:      3.70 MB used.
      Class:    491.70 KB used.
       Both:      4.18 MB used.

Virtual space:
  Non-class space:       64.00 MB reserved,       3.75 MB (  6%) committed,  1 nodes.
      Class space:        1.00 GB reserved,     576.00 KB ( <1%) committed,  1 nodes.
             Both:        1.06 GB reserved,       4.31 MB ( <1%) committed. 

Chunk freelists:
   Non-Class:  11.89 MB
       Class:  15.25 MB
        Both:  27.14 MB

MaxMetaspaceSize: unlimited
CompressedClassSpaceSize: 1.00 GB
Initial GC threshold: 21.00 MB
Current GC threshold: 21.00 MB
CDS: on
 - commit_granule_bytes: 65536.
 - commit_granule_words: 8192.
 - virtual_space_node_default_size: 8388608.
 - enlarge_chunks_in_place: 1.
 - use_allocation_guard: 0.


Internal statistics:

num_allocs_failed_limit: 0.
num_arena_births: 100.
num_arena_deaths: 0.
num_vsnodes_births: 2.
num_vsnodes_deaths: 0.
num_space_committed: 69.
num_space_uncommitted: 0.
num_chunks_returned_to_freelist: 0.
num_chunks_taken_from_freelist: 110.
num_chunk_merges: 0.
num_chunk_splits: 76.
num_chunks_enlarged: 46.
num_inconsistent_stats: 0.

CodeCache: size=49152Kb used=3518Kb max_used=3518Kb free=45633Kb
 bounds [0x00000236e7f90000, 0x00000236e8300000, 0x00000236eaf90000]
 total_blobs=1584 nmethods=1128 adapters=380
 compilation: enabled
              stopped_count=0, restarted_count=0
 full_count=0

Compilation events (20 events):
Event: 2.726 Thread 0x00000236f2c2dc80 1119       1       java.lang.invoke.MethodHandles$Lookup::in (283 bytes)
Event: 2.726 Thread 0x00000236f29a6530 1120   !   1       java.lang.invoke.MethodHandle::setVarargs (50 bytes)
Event: 2.727 Thread 0x00000236f29a6530 nmethod 1120 0x00000236e82fb610 code [0x00000236e82fb840, 0x00000236e82fbc68]
Event: 2.727 Thread 0x00000236f29a6530 1121       1       java.lang.invoke.MemberName::isVarargs (23 bytes)
Event: 2.727 Thread 0x00000236f29a6530 nmethod 1121 0x00000236e82fbe90 code [0x00000236e82fc020, 0x00000236e82fc140]
Event: 2.727 Thread 0x00000236f29a6530 1122       1       java.lang.invoke.BoundMethodHandle::<init> (32 bytes)
Event: 2.727 Thread 0x00000236f29a6530 nmethod 1122 0x00000236e82fc190 code [0x00000236e82fc340, 0x00000236e82fc438]
Event: 2.728 Thread 0x00000236f2c2dc80 nmethod 1119 0x00000236e82fc510 code [0x00000236e82fc800, 0x00000236e82fd318]
Event: 2.728 Thread 0x00000236f2c2dc80 1123       1       java.util.logging.Logger::getName (5 bytes)
Event: 2.728 Thread 0x00000236f2c2dc80 nmethod 1123 0x00000236e82fd910 code [0x00000236e82fdaa0, 0x00000236e82fdb70]
Event: 2.729 Thread 0x00000236f2c2dc80 1124       1       java.lang.invoke.DirectMethodHandle$Holder::invokeStatic (15 bytes)
Event: 2.729 Thread 0x00000236f2c2dc80 nmethod 1124 0x00000236e82fdc10 code [0x00000236e82fddc0, 0x00000236e82fdee8]
Event: 2.729 Thread 0x00000236f2c2dc80 1125       1       java.lang.invoke.DirectMethodHandle$Constructor::<init> (44 bytes)
Event: 2.729 Thread 0x00000236f2c2dc80 nmethod 1125 0x00000236e82fe010 code [0x00000236e82fe1c0, 0x00000236e82fe368]
Event: 2.745 Thread 0x00000236f2c2dc80 1126       1       java.lang.StringBuilder::append (8 bytes)
Event: 2.745 Thread 0x00000236f29a6530 1127       1       java.lang.AbstractStringBuilder::append (55 bytes)
Event: 2.746 Thread 0x00000236f2c2dc80 nmethod 1126 0x00000236e82ff010 code [0x00000236e82ff1c0, 0x00000236e82ff2b8]
Event: 2.746 Thread 0x00000236f29a6530 nmethod 1127 0x00000236e82ff390 code [0x00000236e82ff560, 0x00000236e82ff728]
Event: 2.746 Thread 0x00000236f29a6530 1128       1       java.lang.String::valueOf (15 bytes)
Event: 2.747 Thread 0x00000236f29a6530 nmethod 1128 0x00000236e82ff810 code [0x00000236e82ff9c0, 0x00000236e82ffab0]

GC Heap History (2 events):
Event: 2.538 GC heap before
{Heap before GC invocations=0 (full 0):
 garbage-first heap   total 258048K, used 20480K [0x0000000704400000, 0x0000000800000000)
  region size 2048K, 11 young (22528K), 0 survivors (0K)
 Metaspace       used 3807K, committed 3968K, reserved 1114112K
  class space    used 433K, committed 512K, reserved 1048576K
}
Event: 2.604 GC heap after
{Heap after GC invocations=1 (full 0):
 garbage-first heap   total 258048K, used 11588K [0x0000000704400000, 0x0000000800000000)
  region size 2048K, 2 young (4096K), 2 survivors (4096K)
 Metaspace       used 3807K, committed 3968K, reserved 1114112K
  class space    used 433K, committed 512K, reserved 1048576K
}

Dll operation events (10 events):
Event: 0.022 Loaded shared library C:\Program Files\Java\jdk-21\bin\java.dll
Event: 0.408 Loaded shared library C:\Program Files\Java\jdk-21\bin\zip.dll
Event: 0.415 Loaded shared library C:\Program Files\Java\jdk-21\bin\instrument.dll
Event: 0.427 Loaded shared library C:\Program Files\Java\jdk-21\bin\net.dll
Event: 0.431 Loaded shared library C:\Program Files\Java\jdk-21\bin\nio.dll
Event: 0.437 Loaded shared library C:\Program Files\Java\jdk-21\bin\zip.dll
Event: 1.159 Loaded shared library C:\Program Files\Java\jdk-21\bin\jimage.dll
Event: 1.644 Loaded shared library C:\Program Files\Java\jdk-21\bin\extnet.dll
Event: 1.800 Loaded shared library C:\Program Files\Java\jdk-21\bin\management.dll
Event: 1.850 Loaded shared library C:\Program Files\Java\jdk-21\bin\management_ext.dll

Deoptimization events (0 events):
No events

Classes loaded (20 events):
Event: 2.746 Loading class java/util/AbstractList$Itr done
Event: 2.746 Loading class sun/security/provider/Sun
Event: 2.746 Loading class sun/security/provider/Sun done
Event: 2.746 Loading class sun/security/provider/SunEntries
Event: 2.748 Loading class sun/security/provider/SunEntries done
Event: 2.748 Loading class sun/security/provider/SunEntries$1
Event: 2.748 Loading class sun/security/provider/SunEntries$1 done
Event: 2.748 Loading class sun/security/provider/NativePRNG
Event: 2.750 Loading class sun/security/provider/NativePRNG done
Event: 2.751 Loading class sun/security/provider/NativePRNG$Blocking
Event: 2.751 Loading class sun/security/provider/NativePRNG$Blocking done
Event: 2.751 Loading class sun/security/provider/NativePRNG$NonBlocking
Event: 2.751 Loading class sun/security/provider/NativePRNG$NonBlocking done
Event: 2.751 Loading class java/security/Provider$Service
Event: 2.752 Loading class java/security/Provider$Service done
Event: 2.752 Loading class java/security/Provider$UString
Event: 2.752 Loading class java/security/Provider$UString done
Event: 2.752 Loading class sun/security/util/SecurityProviderConstants
Event: 2.753 Loading class sun/security/util/SecurityProviderConstants done
Event: 2.753 Loading class sun/security/util/KnownOIDs

Classes unloaded (0 events):
No events

Classes redefined (0 events):
No events

Internal exceptions (9 events):
Event: 1.286 Thread 0x00000236dfb38fe0 Exception <a 'java/lang/NoSuchMethodError'{0x0000000713026ed0}: 'void java.lang.invoke.DirectMethodHandle$Holder.invokeStatic(java.lang.Object, java.lang.Object, java.lang.Object)'> (0x0000000713026ed0) 
thrown [s\open\src\hotspot\share\interpreter\linkResolver.cpp, line 773]
Event: 1.290 Thread 0x00000236f299f0d0 Exception <a 'java/lang/NoSuchMethodError'{0x0000000712e5d288}: 'java.lang.Object java.lang.invoke.Invokers$Holder.invokeExact_MT(java.lang.Object, java.lang.Object, java.lang.Object, java.lang.Object, java.lang.Object, java.lang.Object)'> (0x0000000712e5d288) 
thrown [s\open\src\hotspot\share\interpreter\linkResolver.cpp, line 773]
Event: 1.297 Thread 0x00000236dfb38fe0 Exception <a 'java/lang/NoSuchMethodError'{0x000000071303e118}: 'java.lang.Object java.lang.invoke.Invokers$Holder.invokeExact_MT(java.lang.Object, java.lang.Object, java.lang.Object, java.lang.Object, java.lang.Object)'> (0x000000071303e118) 
thrown [s\open\src\hotspot\share\interpreter\linkResolver.cpp, line 773]
Event: 1.661 Thread 0x00000236f29a2b70 Exception <a 'java/lang/NoSuchMethodError'{0x0000000712e9cb10}: 'void java.lang.invoke.DirectMethodHandle$Holder.invokeStatic(java.lang.Object, java.lang.Object)'> (0x0000000712e9cb10) 
thrown [s\open\src\hotspot\share\interpreter\linkResolver.cpp, line 773]
Event: 1.864 Thread 0x00000236dfb38fe0 Exception <a 'java/lang/NoSuchMethodError'{0x000000071307c4d8}: 'int java.lang.invoke.DirectMethodHandle$Holder.invokeInterface(java.lang.Object, java.lang.Object)'> (0x000000071307c4d8) 
thrown [s\open\src\hotspot\share\interpreter\linkResolver.cpp, line 773]
Event: 1.871 Thread 0x00000236dfb38fe0 Exception <a 'java/lang/IncompatibleClassChangeError'{0x000000071307f6d8}: Found class java.lang.Object, but interface was expected> (0x000000071307f6d8) 
thrown [s\open\src\hotspot\share\interpreter\linkResolver.cpp, line 840]
Event: 1.987 Thread 0x00000236dfb38fe0 Exception <a 'java/lang/NoSuchMethodError'{0x0000000712fc4b30}: 'int java.lang.invoke.DirectMethodHandle$Holder.invokeSpecial(java.lang.Object, java.lang.Object, java.lang.Object)'> (0x0000000712fc4b30) 
thrown [s\open\src\hotspot\share\interpreter\linkResolver.cpp, line 773]
Event: 2.073 Thread 0x00000236dfb38fe0 Exception <a 'java/lang/NoSuchMethodError'{0x0000000712d07940}: 'java.lang.Object java.lang.invoke.DirectMethodHandle$Holder.invokeStaticInit(java.lang.Object, java.lang.Object, java.lang.Object)'> (0x0000000712d07940) 
thrown [s\open\src\hotspot\share\interpreter\linkResolver.cpp, line 773]
Event: 2.605 Thread 0x00000236dfb38fe0 Exception <a 'java/lang/NoSuchMethodError'{0x0000000713e01440}: 'int java.lang.invoke.DirectMethodHandle$Holder.invokeSpecialIFC(java.lang.Object, java.lang.Object, java.lang.Object)'> (0x0000000713e01440) 
thrown [s\open\src\hotspot\share\interpreter\linkResolver.cpp, line 773]

ZGC Phase Switch (0 events):
No events

VM Operations (18 events):
Event: 0.374 Executing VM operation: HandshakeAllThreads (Deoptimize)
Event: 0.374 Executing VM operation: HandshakeAllThreads (Deoptimize) done
Event: 1.175 Executing VM operation: HandshakeAllThreads (Deoptimize)
Event: 1.175 Executing VM operation: HandshakeAllThreads (Deoptimize) done
Event: 1.175 Executing VM operation: Cleanup
Event: 1.175 Executing VM operation: Cleanup done
Event: 1.291 Executing VM operation: HandshakeAllThreads (Deoptimize)
Event: 1.292 Executing VM operation: HandshakeAllThreads (Deoptimize) done
Event: 1.466 Executing VM operation: HandshakeAllThreads (Deoptimize)
Event: 1.467 Executing VM operation: HandshakeAllThreads (Deoptimize) done
Event: 1.820 Executing VM operation: HandshakeAllThreads (Deoptimize)
Event: 1.820 Executing VM operation: HandshakeAllThreads (Deoptimize) done
Event: 1.881 Executing VM operation: HandshakeAllThreads (Deoptimize)
Event: 1.881 Executing VM operation: HandshakeAllThreads (Deoptimize) done
Event: 2.515 Executing VM operation: G1CollectForAllocation (G1 Evacuation Pause)
Event: 2.604 Executing VM operation: G1CollectForAllocation (G1 Evacuation Pause) done
Event: 2.735 Executing VM operation: HandshakeAllThreads (Deoptimize)
Event: 2.736 Executing VM operation: HandshakeAllThreads (Deoptimize) done

Events (12 events):
Event: 0.048 Thread 0x00000236dfb38fe0 Thread added: 0x00000236dfb38fe0
Event: 0.082 Thread 0x00000236f2999990 Thread added: 0x00000236f2999990
Event: 0.082 Thread 0x00000236f299ba70 Thread added: 0x00000236f299ba70
Event: 0.082 Thread 0x00000236f299d150 Thread added: 0x00000236f299d150
Event: 0.082 Thread 0x00000236f299f0d0 Thread added: 0x00000236f299f0d0
Event: 0.083 Thread 0x00000236f29a1e50 Thread added: 0x00000236f29a1e50
Event: 0.083 Thread 0x00000236f299fd80 Thread added: 0x00000236f299fd80
Event: 0.083 Thread 0x00000236f29a6530 Thread added: 0x00000236f29a6530
Event: 0.357 Thread 0x00000236f29a0aa0 Thread added: 0x00000236f29a0aa0
Event: 0.380 Thread 0x00000236f2c2dc80 Thread added: 0x00000236f2c2dc80
Event: 1.315 Thread 0x00000236f29a2b70 Thread added: 0x00000236f29a2b70
Event: 1.315 Thread 0x00000236f29a1130 Thread added: 0x00000236f29a1130


Dynamic libraries:
0x00007ff766da0000 - 0x00007ff766db0000 	C:\Program Files\Java\jdk-21\bin\java.exe
0x00007ffddfe30000 - 0x00007ffde0048000 	C:\WINDOWS\SYSTEM32\ntdll.dll
0x00007ffdded80000 - 0x00007ffddee44000 	C:\WINDOWS\System32\KERNEL32.DLL
0x00007ffddd350000 - 0x00007ffddd723000 	C:\WINDOWS\System32\KERNELBASE.dll
0x00007ffddcf40000 - 0x00007ffddd051000 	C:\WINDOWS\System32\ucrtbase.dll
0x00007ffd9ce40000 - 0x00007ffd9ce5b000 	C:\Program Files\Java\jdk-21\bin\VCRUNTIME140.dll
0x00007ffdd7090000 - 0x00007ffdd70a9000 	C:\Program Files\Java\jdk-21\bin\jli.dll
0x00007ffddde10000 - 0x00007ffdddec1000 	C:\WINDOWS\System32\ADVAPI32.dll
0x00007ffddecd0000 - 0x00007ffdded77000 	C:\WINDOWS\System32\msvcrt.dll
0x00007ffddeb10000 - 0x00007ffddebb8000 	C:\WINDOWS\System32\sechost.dll
0x00007ffddd280000 - 0x00007ffddd2a8000 	C:\WINDOWS\System32\bcrypt.dll
0x00007ffddee50000 - 0x00007ffddef68000 	C:\WINDOWS\System32\RPCRT4.dll
0x00007ffddef70000 - 0x00007ffddf122000 	C:\WINDOWS\System32\USER32.dll
0x00007ffdddaa0000 - 0x00007ffdddac6000 	C:\WINDOWS\System32\win32u.dll
0x00007ffddf860000 - 0x00007ffddf889000 	C:\WINDOWS\System32\GDI32.dll
0x00007ffddd0e0000 - 0x00007ffddd1fb000 	C:\WINDOWS\System32\gdi32full.dll
0x00007ffddd2b0000 - 0x00007ffddd34a000 	C:\WINDOWS\System32\msvcp_win.dll
0x00007ffdcc030000 - 0x00007ffdcc2cc000 	C:\WINDOWS\WinSxS\amd64_microsoft.windows.common-controls_6595b64144ccf1df_6.0.22621.6060_none_2712eda17382d24b\COMCTL32.dll
0x00007ffdd9d80000 - 0x00007ffdd9d8a000 	C:\WINDOWS\SYSTEM32\VERSION.dll
0x00007ffddf660000 - 0x00007ffddf691000 	C:\WINDOWS\System32\IMM32.DLL
0x00007ffdd7500000 - 0x00007ffdd750c000 	C:\Program Files\Java\jdk-21\bin\vcruntime140_1.dll
0x00007ffd9cdb0000 - 0x00007ffd9ce3e000 	C:\Program Files\Java\jdk-21\bin\msvcp140.dll
0x00007ffd25c80000 - 0x00007ffd2698d000 	C:\Program Files\Java\jdk-21\bin\server\jvm.dll
0x00007ffddf470000 - 0x00007ffddf4e1000 	C:\WINDOWS\System32\WS2_32.dll
0x00007ffddbd50000 - 0x00007ffddbd9d000 	C:\WINDOWS\SYSTEM32\POWRPROF.dll
0x00007ffdd6a60000 - 0x00007ffdd6a94000 	C:\WINDOWS\SYSTEM32\WINMM.dll
0x00007ffddbd30000 - 0x00007ffddbd43000 	C:\WINDOWS\SYSTEM32\UMPDC.dll
0x00007ffddbf70000 - 0x00007ffddbf88000 	C:\WINDOWS\SYSTEM32\kernel.appcore.dll
0x00007ffdd6760000 - 0x00007ffdd676a000 	C:\Program Files\Java\jdk-21\bin\jimage.dll
0x00007ffdda340000 - 0x00007ffdda573000 	C:\WINDOWS\SYSTEM32\DBGHELP.DLL
0x00007ffdde770000 - 0x00007ffddeb01000 	C:\WINDOWS\System32\combase.dll
0x00007ffddfd10000 - 0x00007ffddfde8000 	C:\WINDOWS\System32\OLEAUT32.dll
0x00007ffdbe010000 - 0x00007ffdbe042000 	C:\WINDOWS\SYSTEM32\dbgcore.DLL
0x00007ffddd200000 - 0x00007ffddd27b000 	C:\WINDOWS\System32\bcryptPrimitives.dll
0x00007ffd9cc90000 - 0x00007ffd9cc9f000 	C:\Program Files\Java\jdk-21\bin\instrument.dll
0x00007ffd9cd90000 - 0x00007ffd9cdaf000 	C:\Program Files\Java\jdk-21\bin\java.dll
0x00007ffddded0000 - 0x00007ffdde76c000 	C:\WINDOWS\System32\SHELL32.dll
0x00007ffddd960000 - 0x00007ffddda9f000 	C:\WINDOWS\System32\wintypes.dll
0x00007ffddae00000 - 0x00007ffddb71a000 	C:\WINDOWS\SYSTEM32\windows.storage.dll
0x00007ffddf4f0000 - 0x00007ffddf5f4000 	C:\WINDOWS\System32\SHCORE.dll
0x00007ffddf140000 - 0x00007ffddf1a9000 	C:\WINDOWS\System32\shlwapi.dll
0x00007ffddce70000 - 0x00007ffddce95000 	C:\WINDOWS\SYSTEM32\profapi.dll
0x00007ffd98fa0000 - 0x00007ffd98fb8000 	C:\Program Files\Java\jdk-21\bin\zip.dll
0x00007ffd9cec0000 - 0x00007ffd9ced0000 	C:\Program Files\Java\jdk-21\bin\net.dll
0x00007ffdd7ed0000 - 0x00007ffdd7ffc000 	C:\WINDOWS\SYSTEM32\WINHTTP.dll
0x00007ffddc490000 - 0x00007ffddc4f9000 	C:\WINDOWS\system32\mswsock.dll
0x00007ffd9cc70000 - 0x00007ffd9cc86000 	C:\Program Files\Java\jdk-21\bin\nio.dll
0x00007ffddb9a0000 - 0x00007ffddba98000 	C:\WINDOWS\SYSTEM32\DNSAPI.dll
0x00007ffddb970000 - 0x00007ffddb99d000 	C:\WINDOWS\SYSTEM32\IPHLPAPI.DLL
0x00007ffddf130000 - 0x00007ffddf139000 	C:\WINDOWS\System32\NSI.dll
0x00007ffdd78f0000 - 0x00007ffdd78fa000 	C:\Windows\System32\rasadhlp.dll
0x00007ffdd4b30000 - 0x00007ffdd4bb4000 	C:\WINDOWS\System32\fwpuclnt.dll
0x00007ffd84bb0000 - 0x00007ffd84bb9000 	C:\Program Files\Java\jdk-21\bin\extnet.dll
0x00007ffd9cc60000 - 0x00007ffd9cc6a000 	C:\Program Files\Java\jdk-21\bin\management.dll
0x00007ffd84ba0000 - 0x00007ffd84bab000 	C:\Program Files\Java\jdk-21\bin\management_ext.dll
0x00007ffdddad0000 - 0x00007ffdddad8000 	C:\WINDOWS\System32\PSAPI.DLL

dbghelp: loaded successfully - version: 4.0.5 - missing functions: none
symbol engine: initialized successfully - sym options: 0x614 - pdb path: .;C:\Program Files\Java\jdk-21\bin;C:\WINDOWS\SYSTEM32;C:\WINDOWS\WinSxS\amd64_microsoft.windows.common-controls_6595b64144ccf1df_6.0.22621.6060_none_2712eda17382d24b;C:\Program Files\Java\jdk-21\bin\server

VM Arguments:
jvm_args: -XX:TieredStopAtLevel=1 -Dspring.output.ansi.enabled=always -Dcom.sun.management.jmxremote -Dspring.jmx.enabled=true -Dspring.liveBeansView.mbeanDomain -Dspring.application.admin.enabled=true -Dmanagement.endpoints.jmx.exposure.include=* -javaagent:C:\Program Files\JetBrains\IntelliJ IDEA 2025.1.3\lib\idea_rt.jar=13933 -Dfile.encoding=UTF-8 -Dsun.stdout.encoding=UTF-8 -Dsun.stderr.encoding=UTF-8 
java_command: mz.co.mozbuy.e_ticket.event.auth.AuthApplication
java_class_path (initial): D:\WORKSPACE\e-TICKET\project\e-ticket.event.auth\target\classes;D:\WORKSPACE\e-TICKET\project\shared-domain\common\target\classes;C:\Users\menete\.m2\repository\org\springdoc\springdoc-openapi-starter-webmvc-ui\2.8.1\springdoc-openapi-starter-webmvc-ui-2.8.1.jar;C:\Users\menete\.m2\repository\org\springdoc\springdoc-openapi-starter-webmvc-api\2.8.1\springdoc-openapi-starter-webmvc-api-2.8.1.jar;C:\Users\menete\.m2\repository\org\springdoc\springdoc-openapi-starter-common\2.8.1\springdoc-openapi-starter-common-2.8.1.jar;C:\Users\menete\.m2\repository\io\swagger\core\v3\swagger-core-jakarta\2.2.27\swagger-core-jakarta-2.2.27.jar;C:\Users\menete\.m2\repository\io\swagger\core\v3\swagger-annotations-jakarta\2.2.27\swagger-annotations-jakarta-2.2.27.jar;C:\Users\menete\.m2\repository\io\swagger\core\v3\swagger-models-jakarta\2.2.27\swagger-models-jakarta-2.2.27.jar;C:\Users\menete\.m2\repository\com\fasterxml\jackson\dataformat\jackson-dataformat-yaml\2.18.2\jackson-dataformat-yaml-2.18.2.jar;C:\Users\menete\.m2\repository\org\webjars\swagger-ui\5.18.2\swagger-ui-5.18.2.jar;C:\Users\menete\.m2\repository\org\webjars\webjars-locator-lite\1.0.1\webjars-locator-lite-1.0.1.jar;C:\Users\menete\.m2\repository\org\jspecify\jspecify\1.0.0\jspecify-1.0.0.jar;C:\Users\menete\.m2\repository\org\springframework\boot\spring-boot-starter-web\3.4.1\spring-boot-starter-web-3.4.1.jar;C:\Users\menete\.m2\repository\org\springframework\boot\spring-boot-starter\3.4.1\spring-boot-starter-3.4.1.jar;C:\Users\menete\.m2\repository\org\springframework\boot\spring-boot-autoconfigure\3.4.1\spring-boot-autoconfigure-3.4.1.jar;C:\Users\menete\.m2\repository\org\springframework\boot\spring-boot-starter-logging\3.4.1\spring-boot-starter-logging-3.4.1.jar;C:\Users\menete\.m2\repository\ch\qos\logback\logback-classic\1.5.12\logback-classic-1.5.12.jar;C:\Users\menete\.m2\repository\ch\qos\logback\logback-core\1.5.12\logback-core-1.5.12.jar;C:\Users\menete\.m2\repository\org\apache\logging\log4j\log4j-to-slf4j\2.24.3\log4j-to-slf4j-2.24.3.jar;C:\Users\menete\.m2\repository\org\apache\logging\log4j\log4j-api\2.24.3\log4j-api-2.24.3.jar;C:\Users\menete\.m2\repository\org\slf4j\jul-to-slf4j\2.0.16\jul-to-slf4j-2.0.16.jar;C:\Users\menete\.m2\repository\jakarta\annotation\jakarta.annotation-api\2.1.1\jakarta.annotation-api-2.1.1.jar;C:\Users\menete\.m2\repository\org\yaml\snakeyaml\2.3\snakeyaml-2.3.jar;C:\Users\menete\.m2\repository\org\springframework\boot\spring-boot-starter-json\3.4.1\spring-boot-starter-json-3.4.1.jar;C:\Users\menete\.m2\repository\com\fasterxml\jackson\datatype\jackson-datatype-jdk8\2.18.2\jackson-datatype-jdk8-2.18.2.jar;C:\Users\menete\.m2\repository\com\fasterxml\jackson\datatype\jackson-datatype-jsr310\2.18.2\jackson-datatype-jsr310-2.18.2.jar;C:\Users\menete\.m2\repository\com\fasterxml\jackson\module\jackson-module-parameter-names\2.18.2\jackson-module-parameter-names-2.18.2.jar;C:\Users\menete\.m2\repository\org\springframework\boot\spring-boot-starter-tomcat\3.4.1\spring-boot-starter-tomcat-3.4.1.jar;C:\Users\menete\.m2\repository\org\apache\tomcat\embed\tomcat-embed-core\10.1.34\tomcat-embed-core-10.1.34.jar;C:\Users\menete\.m2\repository\org\apache\tomcat\embed\tomcat-embed-websocket\10.1.34\tomcat-embed-websocket-10.1.34.jar;C:\Users\menete\.m2\repository\org\springframework\spring-web\6.2.1\spring-web-6.2.1.jar;C:\Users\menete\.m2\repository\org\springframework\spring-beans\6.2.1\spring-beans-6.2.1.jar;C:\Users\menete\.m2\repository\io\micrometer\micrometer-observation\1.14.2\micrometer-observation-1.14.2.jar;C:\Users\menete\.m2\repository\io\micrometer\micrometer-commons\1.14.2\micrometer-commons-1.14.2.jar;C:\Users\menete\.m2\repository\org\springframework\spring-webmvc\6.2.1\spring-webmvc-6.2.1.jar;C:\Users\menete\.m2\repository\org\springframework\spring-context\6.2.1\spring-context-6.2.1.jar;C:\Users\menete\.m2\repository\org\springframework\spring-expression\6.2.1\spring-expression-6.2.1.jar;C:\Users\menete\.m2\repository\org\springframework\boot\spring-boot-starter-security\3.4.1\spring-boot-starter-security-3.4.1.jar;C:\Users\menete\.m2\repository\org\springframework\spring-aop\6.2.1\spring-aop-6.2.1.jar;C:\Users\menete\.m2\repository\org\springframework\security\spring-security-config\6.4.2\spring-security-config-6.4.2.jar;C:\Users\menete\.m2\repository\org\springframework\security\spring-security-web\6.4.2\spring-security-web-6.4.2.jar;C:\Users\menete\.m2\repository\io\jsonwebtoken\jjwt-api\0.11.5\jjwt-api-0.11.5.jar;C:\Users\menete\.m2\repository\io\jsonwebtoken\jjwt-impl\0.11.5\jjwt-impl-0.11.5.jar;C:\Users\menete\.m2\repository\org\springframework\boot\spring-boot-starter-oauth2-resource-server\3.4.1\spring-boot-starter-oauth2-resource-server-3.4.1.jar;C:\Users\menete\.m2\repository\org\springframework\security\spring-security-core\6.4.2\spring-security-core-6.4.2.jar;C:\Users\menete\.m2\repository\org\springframework\security\spring-security-crypto\6.4.2\spring-security-crypto-6.4.2.jar;C:\Users\menete\.m2\repository\org\springframework\security\spring-security-oauth2-resource-server\6.4.2\spring-security-oauth2-resource-server-6.4.2.jar;C:\Users\menete\.m2\repository\org\springframework\security\spring-security-oauth2-core\6.4.2\spring-security-oauth2-core-6.4.2.jar;C:\Users\menete\.m2\repository\org\springframework\security\spring-security-oauth2-jose\6.4.2\spring-security-oauth2-jose-6.4.2.jar;C:\Users\menete\.m2\repository\com\nimbusds\nimbus-jose-jwt\9.37.3\nimbus-jose-jwt-9.37.3.jar;C:\Users\menete\.m2\repository\com\github\stephenc\jcip\jcip-annotations\1.0-1\jcip-annotations-1.0-1.jar;C:\Users\menete\.m2\repository\org\springframework\boot\spring-boot-starter-webflux\3.4.1\spring-boot-starter-webflux-3.4.1.jar;C:\Users\menete\.m2\repository\org\springframework\boot\spring-boot-starter-reactor-netty\3.4.1\spring-boot-starter-reactor-netty-3.4.1.jar;C:\Users\menete\.m2\repository\io\projectreactor\netty\reactor-netty-http\1.2.1\reactor-netty-http-1.2.1.jar;C:\Users\menete\.m2\repository\io\netty\netty-codec-http\4.1.116.Final\netty-codec-http-4.1.116.Final.jar;C:\Users\menete\.m2\repository\io\netty\netty-common\4.1.116.Final\netty-common-4.1.116.Final.jar;C:\Users\menete\.m2\repository\io\netty\netty-buffer\4.1.116.Final\netty-buffer-4.1.116.Final.jar;C:\Users\menete\.m2\repository\io\netty\netty-transport\4.1.116.Final\netty-transport-4.1.116.Final.jar;C:\Users\menete\.m2\repository\io\netty\netty-codec\4.1.116.Final\netty-codec-4.1.116.Final.jar;C:\Users\menete\.m2\repository\io\netty\netty-handler\4.1.116.Final\netty-handler-4.1.116.Final.jar;C:\Users\menete\.m2\repository\io\netty\netty-codec-http2\4.1.116.Final\netty-codec-http2-4.1.116.Final.jar;C:\Users\menete\.m2\repository\io\netty\netty-resolver-dns\4.1.116.Final\netty-resolver-dns-4.1.116.Final.jar;C:\Users\menete\.m2\repository\io\netty\netty-resolver\4.1.116.Final\netty-resolver-4.1.116.Final.jar;C:\Users\menete\.m2\repository\io\netty\netty-codec-dns\4.1.116.Final\netty-codec-dns-4.1.116.Final.jar;C:\Users\menete\.m2\repository\io\netty\netty-resolver-dns-native-macos\4.1.116.Final\netty-resolver-dns-native-macos-4.1.116.Final-osx-x86_64.jar;C:\Users\menete\.m2\repository\io\netty\netty-resolver-dns-classes-macos\4.1.116.Final\netty-resolver-dns-classes-macos-4.1.116.Final.jar;C:\Users\menete\.m2\repository\io\netty\netty-transport-native-epoll\4.1.116.Final\netty-transport-native-epoll-4.1.116.Final-linux-x86_64.jar;C:\Users\menete\.m2\repository\io\netty\netty-transport-native-unix-common\4.1.116.Final\netty-transport-native-unix-common-4.1.116.Final.jar;C:\Users\menete\.m2\repository\io\netty\netty-transport-classes-epoll\4.1.116.Final\netty-transport-classes-epoll-4.1.116.Final.jar;C:\Users\menete\.m2\repository\io\projectreactor\netty\reactor-netty-core\1.2.1\reactor-netty-core-1.2.1.jar;C:\Users\menete\.m2\repository\io\netty\netty-handler-proxy\4.1.116.Final\netty-handler-proxy-4.1.116.Final.jar;C:\Users\menete\.m2\repository\io\netty\netty-codec-socks\4.1.116.Final\netty-codec-socks-4.1.116.Final.jar;C:\Users\menete\.m2\repository\org\springframework\spring-webflux\6.2.1\spring-webflux-6.2.1.jar;C:\Users\menete\.m2\repository\io\projectreactor\reactor-core\3.7.1\reactor-core-3.7.1.jar;C:\Users\menete\.m2\repository\org\reactivestreams\reactive-streams\1.0.4\reactive-streams-1.0.4.jar;C:\Users\menete\.m2\repository\org\springframework\boot\spring-boot-starter-oauth2-authorization-server\3.4.1\spring-boot-starter-oauth2-authorization-server-3.4.1.jar;C:\Users\menete\.m2\repository\org\springframework\security\spring-security-oauth2-authorization-server\1.4.1\spring-security-oauth2-authorization-server-1.4.1.jar;C:\Users\menete\.m2\repository\io\jsonwebtoken\jjwt-jackson\0.11.5\jjwt-jackson-0.11.5.jar;C:\Users\menete\.m2\repository\com\fasterxml\jackson\core\jackson-databind\2.18.2\jackson-databind-2.18.2.jar;C:\Users\menete\.m2\repository\com\fasterxml\jackson\core\jackson-annotations\2.18.2\jackson-annotations-2.18.2.jar;C:\Users\menete\.m2\repository\com\fasterxml\jackson\core\jackson-core\2.18.2\jackson-core-2.18.2.jar;C:\Users\menete\.m2\repository\org\apache\commons\commons-lang3\3.14.0\commons-lang3-3.14.0.jar;C:\Users\menete\.m2\repository\org\springframework\boot\spring-boot-starter-validation\3.4.1\spring-boot-starter-validation-3.4.1.jar;C:\Users\menete\.m2\repository\org\apache\tomcat\embed\tomcat-embed-el\10.1.34\tomcat-embed-el-10.1.34.jar;C:\Users\menete\.m2\repository\org\hibernate\validator\hibernate-validator\8.0.2.Final\hibernate-validator-8.0.2.Final.jar;C:\Users\menete\.m2\repository\jakarta\validation\jakarta.validation-api\3.0.2\jakarta.validation-api-3.0.2.jar;C:\Users\menete\.m2\repository\org\jboss\logging\jboss-logging\3.6.1.Final\jboss-logging-3.6.1.Final.jar;C:\Users\menete\.m2\repository\com\fasterxml\classmate\1.7.0\classmate-1.7.0.jar;C:\Users\menete\.m2\repository\org\springframework\retry\spring-retry\1.3.1\spring-retry-1.3.1.jar;C:\Users\menete\.m2\repository\javax\annotation\javax.annotation-api\1.3.2\javax.annotation-api-1.3.2.jar;C:\Users\menete\.m2\repository\org\springframework\cloud\spring-cloud-starter-openfeign\4.2.0\spring-cloud-starter-openfeign-4.2.0.jar;C:\Users\menete\.m2\repository\org\springframework\cloud\spring-cloud-starter\4.2.0\spring-cloud-starter-4.2.0.jar;C:\Users\menete\.m2\repository\org\springframework\cloud\spring-cloud-context\4.2.0\spring-cloud-context-4.2.0.jar;C:\Users\menete\.m2\repository\org\bouncycastle\bcprov-jdk18on\1.78.1\bcprov-jdk18on-1.78.1.jar;C:\Users\menete\.m2\repository\org\springframework\cloud\spring-cloud-openfeign-core\4.2.0\spring-cloud-openfeign-core-4.2.0.jar;C:\Users\menete\.m2\repository\io\github\openfeign\feign-form-spring\13.5\feign-form-spring-13.5.jar;C:\Users\menete\.m2\repository\io\github\openfeign\feign-form\13.5\feign-form-13.5.jar;C:\Users\menete\.m2\repository\commons-fileupload\commons-fileupload\1.5\commons-fileupload-1.5.jar;C:\Users\menete\.m2\repository\commons-io\commons-io\2.11.0\commons-io-2.11.0.jar;C:\Users\menete\.m2\repository\org\springframework\cloud\spring-cloud-commons\4.2.0\spring-cloud-commons-4.2.0.jar;C:\Users\menete\.m2\repository\io\github\openfeign\feign-core\13.5\feign-core-13.5.jar;C:\Users\menete\.m2\repository\io\github\openfeign\feign-slf4j\13.5\feign-slf4j-13.5.jar;C:\Users\menete\.m2\repository\org\slf4j\slf4j-api\2.0.16\slf4j-api-2.0.16.jar;C:\Users\menete\.m2\repository\org\springframework\boot\spring-boot-starter-data-jpa\3.4.1\spring-boot-starter-data-jpa-3.4.1.jar;C:\Users\menete\.m2\repository\org\springframework\boot\spring-boot-starter-jdbc\3.4.1\spring-boot-starter-jdbc-3.4.1.jar;C:\Users\menete\.m2\repository\com\zaxxer\HikariCP\5.1.0\HikariCP-5.1.0.jar;C:\Users\menete\.m2\repository\org\springframework\spring-jdbc\6.2.1\spring-jdbc-6.2.1.jar;C:\Users\menete\.m2\repository\org\hibernate\orm\hibernate-core\6.6.4.Final\hibernate-core-6.6.4.Final.jar;C:\Users\menete\.m2\repository\jakarta\persistence\jakarta.persistence-api\3.1.0\jakarta.persistence-api-3.1.0.jar;C:\Users\menete\.m2\repository\jakarta\transaction\jakarta.transaction-api\2.0.1\jakarta.transaction-api-2.0.1.jar;C:\Users\menete\.m2\repository\org\hibernate\common\hibernate-commons-annotations\7.0.3.Final\hibernate-commons-annotations-7.0.3.Final.jar;C:\Users\menete\.m2\repository\io\smallrye\jandex\3.2.0\jandex-3.2.0.jar;C:\Users\menete\.m2\repository\net\bytebuddy\byte-buddy\1.15.11\byte-buddy-1.15.11.jar;C:\Users\menete\.m2\repository\org\glassfish\jaxb\jaxb-runtime\4.0.5\jaxb-runtime-4.0.5.jar;C:\Users\menete\.m2\repository\org\glassfish\jaxb\jaxb-core\4.0.5\jaxb-core-4.0.5.jar;C:\Users\menete\.m2\repository\org\eclipse\angus\angus-activation\2.0.2\angus-activation-2.0.2.jar;C:\Users\menete\.m2\repository\org\glassfish\jaxb\txw2\4.0.5\txw2-4.0.5.jar;C:\Users\menete\.m2\repository\com\sun\istack\istack-commons-runtime\4.1.2\istack-commons-runtime-4.1.2.jar;C:\Users\menete\.m2\repository\jakarta\inject\jakarta.inject-api\2.0.1\jakarta.inject-api-2.0.1.jar;C:\Users\menete\.m2\repository\org\antlr\antlr4-runtime\4.13.0\antlr4-runtime-4.13.0.jar;C:\Users\menete\.m2\repository\org\springframework\data\spring-data-jpa\3.4.1\spring-data-jpa-3.4.1.jar;C:\Users\menete\.m2\repository\org\springframework\data\spring-data-commons\3.4.1\spring-data-commons-3.4.1.jar;C:\Users\menete\.m2\repository\org\springframework\spring-orm\6.2.1\spring-orm-6.2.1.jar;C:\Users\menete\.m2\repository\org\springframework\spring-tx\6.2.1\spring-tx-6.2.1.jar;C:\Users\menete\.m2\repository\org\springframework\spring-aspects\6.2.1\spring-aspects-6.2.1.jar;C:\Users\menete\.m2\repository\org\aspectj\aspectjweaver\1.9.22.1\aspectjweaver-1.9.22.1.jar;C:\Users\menete\.m2\repository\org\projectlombok\lombok\1.18.36\lombok-1.18.36.jar;C:\Users\menete\.m2\repository\org\postgresql\postgresql\42.7.4\postgresql-42.7.4.jar;C:\Users\menete\.m2\repository\org\checkerframework\checker-qual\3.42.0\checker-qual-3.42.0.jar;C:\Users\menete\.m2\repository\org\springframework\cloud\spring-cloud-starter-netflix-eureka-client\4.2.0\spring-cloud-starter-netflix-eureka-client-4.2.0.jar;C:\Users\menete\.m2\repository\org\springframework\cloud\spring-cloud-netflix-eureka-client\4.2.0\spring-cloud-netflix-eureka-client-4.2.0.jar;C:\Users\menete\.m2\repository\org\apache\httpcomponents\client5\httpclient5\5.4.1\httpclient5-5.4.1.jar;C:\Users\menete\.m2\repository\org\apache\httpcomponents\core5\httpcore5\5.3.1\httpcore5-5.3.1.jar;C:\Users\menete\.m2\repository\org\apache\httpcomponents\core5\httpcore5-h2\5.3.1\httpcore5-h2-5.3.1.jar;C:\Users\menete\.m2\repository\com\netflix\eureka\eureka-client\2.0.4\eureka-client-2.0.4.jar;C:\Users\menete\.m2\repository\com\thoughtworks\xstream\xstream\1.4.20\xstream-1.4.20.jar;C:\Users\menete\.m2\repository\io\github\x-stream\mxparser\1.2.2\mxparser-1.2.2.jar;C:\Users\menete\.m2\repository\xmlpull\xmlpull\1.1.3.1\xmlpull-1.1.3.1.jar;C:\Users\menete\.m2\repository\jakarta\ws\rs\jakarta.ws.rs-api\3.1.0\jakarta.ws.rs-api-3.1.0.jar;C:\Users\menete\.m2\repository\com\netflix\spectator\spectator-api\1.7.3\spectator-api-1.7.3.jar;C:\Users\menete\.m2\repository\org\apache\httpcomponents\httpclient\4.5.3\httpclient-4.5.3.jar;C:\Users\menete\.m2\repository\org\apache\httpcomponents\httpcore\4.4.16\httpcore-4.4.16.jar;C:\Users\menete\.m2\repository\commons-codec\commons-codec\1.17.1\commons-codec-1.17.1.jar;C:\Users\menete\.m2\repository\commons-configuration\commons-configuration\1.10\commons-configuration-1.10.jar;C:\Users\menete\.m2\repository\commons-lang\commons-lang\2.6\commons-lang-2.6.jar;C:\Users\menete\.m2\repository\com\netflix\netflix-commons\netflix-eventbus\0.3.0\netflix-eventbus-0.3.0.jar;C:\Users\menete\.m2\repository\com\netflix\netflix-commons\netflix-infix\0.3.0\netflix-infix-0.3.0.jar;C:\Users\menete\.m2\repository\commons-jxpath\commons-jxpath\1.3\commons-jxpath-1.3.jar;C:\Users\menete\.m2\repository\joda-time\joda-time\2.3\joda-time-2.3.jar;C:\Users\menete\.m2\repository\org\antlr\antlr-runtime\3.4\antlr-runtime-3.4.jar;C:\Users\menete\.m2\repository\org\antlr\stringtemplate\3.2.1\stringtemplate-3.2.1.jar;C:\Users\menete\.m2\repository\antlr\antlr\2.7.7\antlr-2.7.7.jar;C:\Users\menete\.m2\repository\com\google\guava\guava\33.3.1-jre\guava-33.3.1-jre.jar;C:\Users\menete\.m2\repository\com\google\guava\failureaccess\1.0.2\failureaccess-1.0.2.jar;C:\Users\menete\.m2\repository\com\google\guava\listenablefuture\9999.0-empty-to-avoid-conflict-with-guava\listenablefuture-9999.0-empty-to-avoid-conflict-with-guava.jar;C:\Users\menete\.m2\repository\com\google\errorprone\error_prone_annotations\2.28.0\error_prone_annotations-2.28.0.jar;C:\Users\menete\.m2\repository\com\google\j2objc\j2objc-annotations\3.0.0\j2objc-annotations-3.0.0.jar;C:\Users\menete\.m2\repository\com\google\code\gson\gson\2.11.0\gson-2.11.0.jar;C:\Users\menete\.m2\repository\com\netflix\servo\servo-core\0.5.3\servo-core-0.5.3.jar;C:\Users\menete\.m2\repository\org\apache\commons\commons-math\2.2\commons-math-2.2.jar;C:\Users\menete\.m2\repository\org\codehaus\jettison\jettison\1.5.4\jettison-1.5.4.jar;C:\Users\menete\.m2\repository\org\springframework\cloud\spring-cloud-starter-loadbalancer\4.2.0\spring-cloud-starter-loadbalancer-4.2.0.jar;C:\Users\menete\.m2\repository\org\springframework\cloud\spring-cloud-loadbalancer\4.2.0\spring-cloud-loadbalancer-4.2.0.jar;C:\Users\menete\.m2\repository\io\projectreactor\addons\reactor-extra\3.5.2\reactor-extra-3.5.2.jar;C:\Users\menete\.m2\repository\org\springframework\boot\spring-boot-starter-cache\3.4.1\spring-boot-starter-cache-3.4.1.jar;C:\Users\menete\.m2\repository\org\springframework\spring-context-support\6.2.1\spring-context-support-6.2.1.jar;C:\Users\menete\.m2\repository\com\stoyanr\evictor\1.0.0\evictor-1.0.0.jar;C:\Users\menete\.m2\repository\org\springframework\boot\spring-boot-actuator\3.4.1\spring-boot-actuator-3.4.1.jar;C:\Users\menete\.m2\repository\org\springframework\boot\spring-boot\3.4.1\spring-boot-3.4.1.jar;C:\Users\menete\.m2\repository\jakarta\xml\bind\jakarta.xml.bind-api\4.0.2\jakarta.xml.bind-api-4.0.2.jar;C:\Users\menete\.m2\repository\jakarta\activation\jakarta.activation-api\2.1.3\jakarta.activation-api-2.1.3.jar;C:\Users\menete\.m2\repository\org\springframework\spring-core\6.2.1\spring-core-6.2.1.jar;C:\Users\menete\.m2\repository\org\springframework\spring-jcl\6.2.1\spring-jcl-6.2.1.jar
Launcher Type: SUN_STANDARD

[Global flags]
     intx CICompilerCount                          = 4                                         {product} {ergonomic}
     uint ConcGCThreads                            = 2                                         {product} {ergonomic}
     uint G1ConcRefinementThreads                  = 8                                         {product} {ergonomic}
   size_t G1HeapRegionSize                         = 2097152                                   {product} {ergonomic}
    uintx GCDrainStackTargetSize                   = 64                                        {product} {ergonomic}
   size_t InitialHeapSize                          = 264241152                                 {product} {ergonomic}
     bool ManagementServer                         = true                                      {product} {command line}
   size_t MarkStackSize                            = 4194304                                   {product} {ergonomic}
   size_t MaxHeapSize                              = 4223664128                                {product} {ergonomic}
   size_t MaxNewSize                               = 2533359616                                {product} {ergonomic}
   size_t MinHeapDeltaBytes                        = 2097152                                   {product} {ergonomic}
   size_t MinHeapSize                              = 8388608                                   {product} {ergonomic}
    uintx NonNMethodCodeHeapSize                   = 4096                                   {pd product} {ergonomic}
    uintx NonProfiledCodeHeapSize                  = 0                                      {pd product} {ergonomic}
     bool ProfileInterpreter                       = false                                  {pd product} {command line}
    uintx ProfiledCodeHeapSize                     = 0                                      {pd product} {ergonomic}
   size_t SoftMaxHeapSize                          = 4223664128                             {manageable} {ergonomic}
     intx TieredStopAtLevel                        = 1                                         {product} {command line}
     bool UseCompressedOops                        = true                           {product lp64_product} {ergonomic}
     bool UseG1GC                                  = true                                      {product} {ergonomic}
     bool UseLargePagesIndividualAllocation        = false                                  {pd product} {ergonomic}

Logging:
Log output configuration:
 #0: stdout all=warning uptime,level,tags foldmultilines=false
 #1: stderr all=off uptime,level,tags foldmultilines=false

Environment Variables:
JAVA_HOME=C:\opt\java\jdk-21.0.3\jdk-21.0.3
PATH=C:\opt\java\jdk-21.0.3\jdk-21.0.3\bin;C:\Program Files\Common Files\Oracle\Java\javapath;C:\Python312\Scripts\;C:\Python312\;$JAVA_HOME/bin;$ANT_HOME/bin;$PATH;C:\ProgramData\chocolatey\bin;C:\Program Files\Java\jdk-17\bin;C:\minikube;C:\Windows\System32;C:\Users\menete\AppData\Local\nvm;C:\nvm4w\nodejs;%ANDROID_HOME%\platform-tools;%ANDROID_HOME%\emulator;C:\Users\menete\scoop\shims;C:\Users\menete\AppData\Local\Android\Sdk\tools;C:\Users\menete\AppData\Local\Microsoft\WindowsApps;C:\Users\menete\AppData\Local\Programs\Microsoft VS Code\bin;C:\Program Files\Azure Data Studio\bin;C:\opt\jbossapp\ant\bin;C:\opt\jbossapp\jboss;C:\opt\jbossapp\jdk\jdk1.8.0_112\bin;C:\opt\jbossapp\wildfly\bin;C:\Program Files\apache-maven-3.9.6\bin;C:\Program Files\Git\cmd;C:\Users\menete\AppData\Local\Android\Sdk\platform-tools;C:\Program Files\JetBrains\IntelliJ IDEA 2025.1.3\bin;;C:\Program Files\JetBrains\IntelliJ IDEA Community Edition 2025.1.3\bin;;C:\Users\menete\AppData\Local\nvm;C:\nvm4w\nodejs
USERNAME=menete
OS=Windows_NT
PROCESSOR_IDENTIFIER=Intel64 Family 6 Model 140 Stepping 1, GenuineIntel
TMP=C:\Users\menete\AppData\Local\Temp
TEMP=C:\Users\menete\AppData\Local\Temp




Periodic native trim disabled

---------------  S Y S T E M  ---------------

OS:
 Windows 11 , 64 bit Build 22621 (10.0.22621.5415)
OS uptime: 5 days 2:43 hours
Hyper-V role detected

CPU: total 8 (initial active 8) (4 cores per cpu, 2 threads per core) family 6 model 140 stepping 1 microcode 0xbe, cx8, cmov, fxsr, ht, mmx, 3dnowpref, sse, sse2, sse3, ssse3, sse4.1, sse4.2, popcnt, lzcnt, tsc, tscinvbit, avx, avx2, aes, erms, clmul, bmi1, bmi2, adx, avx512f, avx512dq, avx512cd, avx512bw, avx512vl, sha, fma, vzeroupper, avx512_vpopcntdq, avx512_vpclmulqdq, avx512_vaes, avx512_vnni, clflush, clflushopt, clwb, avx512_vbmi2, avx512_vbmi, hv, rdtscp, rdpid, fsrm, gfni, avx512_bitalg, f16c, cet_ibt, cet_ss, avx512_ifma
Processor Information for all 8 processors :
  Max Mhz: 1805, Current Mhz: 1805, Mhz Limit: 1805

Memory: 4k page, system-wide physical 16106M (300M free)
TotalPageFile size 46515M (AvailPageFile size 81M)
current process WorkingSet (physical memory assigned to process): 77M, peak: 77M
current process commit charge ("private bytes"): 345M, peak: 345M

vm_info: Java HotSpot(TM) 64-Bit Server VM (21.0.3+7-LTS-152) for windows-amd64 JRE (21.0.3+7-LTS-152), built on 2024-03-11T17:42:26Z by "mach5one" with MS VC++ 17.6 (VS2022)

END.
